ValueError: Unknown shape_name: Rectangle (b × D)

Traceback (most recent call last):
  File "/Users/jonathonleggo/Library/CloudStorage/OneDrive-Personal/Documents/GitHub/blank-app/inputs_page.py", line 451, in make_summary_cross_section_figure
    fig = make_sectionA_figure(
          ^^^^^^^^^^^^^^^^^^^^^
  File "/Users/jonathonleggo/Library/CloudStorage/OneDrive-Personal/Documents/GitHub/blank-app/section_props/plotly_section.py", line 20, in make_sectionA_figure
    props = compute_gross_props(shape_name, dims)
            ^^^^^^^^^^^^^^^^^^^^^^^^^^^^^^^^^^^^^
  File "/Users/jonathonleggo/Library/CloudStorage/OneDrive-Personal/Documents/GitHub/blank-app/section_props/props.py", line 62, in compute_gross_props
    raise ValueError(f"Unknown shape_name: {shape_name}")
ValueError: Unknown shape_name: Rectangle (b × D)

During handling of the above exception, another exception occurred:

Traceback (most recent call last):
  File "/Users/jonathonleggo/Library/CloudStorage/OneDrive-Personal/Documents/GitHub/blank-app/inputs_page.py", line 1113, in _render_materials_and_sectionA_2d
    fig_sec = make_summary_cross_section_figure()
              ^^^^^^^^^^^^^^^^^^^^^^^^^^^^^^^^^^^
  File "/Users/jonathonleggo/Library/CloudStorage/OneDrive-Personal/Documents/GitHub/blank-app/inputs_page.py", line 478, in make_summary_cross_section_figure
    fig = make_sectionA_figure(
          ^^^^^^^^^^^^^^^^^^^^^
  File "/Users/jonathonleggo/Library/CloudStorage/OneDrive-Personal/Documents/GitHub/blank-app/section_props/plotly_section.py", line 20, in make_sectionA_figure
    props = compute_gross_props(shape_name, dims)
            ^^^^^^^^^^^^^^^^^^^^^^^^^^^^^^^^^^^^^
  File "/Users/jonathonleggo/Library/CloudStorage/OneDrive-Personal/Documents/GitHub/blank-app/section_props/props.py", line 62, in compute_gross_props
    raise ValueError(f"Unknown shape_name: {shape_name}")
ValueError: Unknown shape_name: Rectangle (b × D)
